// Jest Snapshot v1, https://goo.gl/fbAQLP

exports[`CreateCommand constructor should have valid schema 1`] = `
{
  "$id": "anchor/create",
  "properties": {
    "album": {
      "dataType": "string",
      "fieldNumber": 4,
    },
    "appleMusicId": {
      "dataType": "string",
      "fieldNumber": 2,
    },
    "artists": {
      "dataType": "string",
      "fieldNumber": 5,
    },
    "images": {
      "fieldNumber": 6,
      "items": {
        "$id": "anchor/create/images",
        "properties": {
          "height": {
            "dataType": "uint32",
            "fieldNumber": 2,
          },
          "url": {
            "dataType": "string",
            "fieldNumber": 1,
          },
          "width": {
            "dataType": "uint32",
            "fieldNumber": 3,
          },
        },
        "required": [
          "url",
          "height",
          "width",
        ],
        "type": "object",
      },
      "type": "array",
    },
    "name": {
      "dataType": "string",
      "fieldNumber": 3,
    },
    "spotifyId": {
      "dataType": "string",
      "fieldNumber": 1,
    },
  },
  "required": [
    "spotifyId",
    "appleMusicId",
    "name",
    "album",
    "artists",
    "images",
  ],
  "title": "CreateAsset transaction asset for anchor module",
  "type": "object",
}
`;
