// Jest Snapshot v1, https://goo.gl/fbAQLP

exports[`PublishCommand constructor should have valid schema 1`] = `
{
  "$id": "campaign/publish",
  "properties": {
    "campaignId": {
      "dataType": "string",
      "fieldNumber": 1,
    },
  },
  "required": [
    "campaignId",
  ],
  "title": "Publish transaction asset for campaign module",
  "type": "object",
}
`;
