// Jest Snapshot v1, https://goo.gl/fbAQLP

exports[`CreateCommand constructor should have valid schema 1`] = `
Object {
  "$id": "subscription/create",
  "properties": Object {
    "maxMembers": Object {
      "dataType": "uint32",
      "fieldNumber": 1,
    },
    "price": Object {
      "dataType": "uint64",
      "fieldNumber": 2,
    },
  },
  "required": Array [
    "maxMembers",
    "price",
  ],
  "title": "CreateAsset transaction asset for subscription module",
  "type": "object",
}
`;
