// Jest Snapshot v1, https://goo.gl/fbAQLP

exports[`UpdateMembersCommand constructor should have valid schema 1`] = `
Object {
  "$id": "subscription/updateMembers",
  "properties": Object {
    "members": Object {
      "fieldNumber": 2,
      "items": Object {
        "dataType": "bytes",
        "format": "lisk32",
      },
      "type": "array",
    },
    "subscriptionID": Object {
      "dataType": "bytes",
      "fieldNumber": 1,
    },
  },
  "required": Array [
    "subscriptionID",
    "members",
  ],
  "title": "UpdateMembersAsset transaction asset for subscription module",
  "type": "object",
}
`;
