// Jest Snapshot v1, https://goo.gl/fbAQLP

exports[`CreateCommand constructor should have valid schema 1`] = `
{
  "$id": "collection/create",
  "properties": {
    "collectionType": {
      "dataType": "uint32",
      "fieldNumber": 3,
    },
    "coverHash": {
      "dataType": "bytes",
      "fieldNumber": 5,
    },
    "coverSignature": {
      "dataType": "bytes",
      "fieldNumber": 4,
    },
    "name": {
      "dataType": "string",
      "fieldNumber": 1,
      "maxLength": 40,
      "minLength": 3,
    },
    "releaseYear": {
      "dataType": "string",
      "fieldNumber": 2,
    },
  },
  "required": [
    "name",
    "releaseYear",
    "collectionType",
    "coverSignature",
    "coverHash",
  ],
  "title": "CreateAsset transaction asset for collection module",
  "type": "object",
}
`;
