// Jest Snapshot v1, https://goo.gl/fbAQLP

exports[`CreateCommand constructor should have valid schema 1`] = `
Object {
  "$id": "collection/create",
  "properties": Object {
    "artistName": Object {
      "dataType": "string",
      "fieldNumber": 3,
      "maxLength": 40,
      "minLength": 3,
    },
    "coArtists": Object {
      "fieldNumber": 4,
      "items": Object {
        "dataType": "string",
      },
      "type": "array",
    },
    "collectionType": Object {
      "dataType": "uint32",
      "fieldNumber": 5,
    },
    "coverHash": Object {
      "dataType": "bytes",
      "fieldNumber": 7,
    },
    "coverSignature": Object {
      "dataType": "bytes",
      "fieldNumber": 6,
    },
    "name": Object {
      "dataType": "string",
      "fieldNumber": 1,
      "maxLength": 40,
      "minLength": 3,
    },
    "releaseYear": Object {
      "dataType": "string",
      "fieldNumber": 2,
    },
  },
  "required": Array [
    "name",
    "releaseYear",
    "artistName",
    "coArtists",
    "collectionType",
    "coverSignature",
    "coverHash",
  ],
  "title": "CreateAsset transaction asset for collection module",
  "type": "object",
}
`;
