// Jest Snapshot v1, https://goo.gl/fbAQLP

exports[`SetAttributesCommand constructor should have valid schema 1`] = `
Object {
  "$id": "collection/setAttributes",
  "properties": Object {
    "collectionID": Object {
      "dataType": "bytes",
      "fieldNumber": 4,
    },
    "collectionType": Object {
      "dataType": "uint32",
      "fieldNumber": 3,
    },
    "name": Object {
      "dataType": "string",
      "fieldNumber": 1,
      "maxLength": 40,
      "minLength": 3,
    },
    "releaseYear": Object {
      "dataType": "string",
      "fieldNumber": 2,
    },
  },
  "required": Array [
    "name",
    "releaseYear",
    "collectionType",
    "collectionID",
  ],
  "title": "SetAttributesAsset transaction asset for collection module",
  "type": "object",
}
`;
