// Jest Snapshot v1, https://goo.gl/fbAQLP

exports[`CreateCommand constructor should have valid schema 1`] = `
{
  "$id": "audio/create",
  "properties": {
    "audioHash": {
      "dataType": "bytes",
      "fieldNumber": 7,
    },
    "audioSignature": {
      "dataType": "bytes",
      "fieldNumber": 6,
    },
    "collectionID": {
      "dataType": "bytes",
      "fieldNumber": 4,
    },
    "feat": {
      "fieldNumber": 8,
      "items": {
        "dataType": "bytes",
        "format": "lisk32",
      },
      "type": "array",
    },
    "genre": {
      "fieldNumber": 3,
      "items": {
        "dataType": "uint32",
      },
      "type": "array",
    },
    "name": {
      "dataType": "string",
      "fieldNumber": 1,
      "maxLength": 40,
      "minLength": 3,
    },
    "owners": {
      "fieldNumber": 5,
      "items": {
        "$id": "audio/create/owners",
        "properties": {
          "address": {
            "dataType": "bytes",
            "fieldNumber": 1,
            "format": "lisk32",
          },
          "shares": {
            "dataType": "uint32",
            "fieldNumber": 2,
          },
        },
        "required": [
          "address",
          "shares",
        ],
        "type": "object",
      },
      "type": "array",
    },
    "releaseYear": {
      "dataType": "string",
      "fieldNumber": 2,
    },
  },
  "required": [
    "name",
    "releaseYear",
    "genre",
    "collectionID",
    "owners",
    "audioSignature",
    "audioHash",
    "feat",
  ],
  "title": "CreateAsset transaction asset for audio module",
  "type": "object",
}
`;
