// Jest Snapshot v1, https://goo.gl/fbAQLP

exports[`SetAttributeCommand constructor should have valid schema 1`] = `
{
  "$id": "audio/setAttributes",
  "properties": {
    "audioID": {
      "dataType": "bytes",
      "fieldNumber": 6,
    },
    "collectionID": {
      "dataType": "bytes",
      "fieldNumber": 5,
    },
    "feat": {
      "fieldNumber": 4,
      "items": {
        "dataType": "bytes",
        "format": "lisk32",
      },
      "type": "array",
    },
    "genre": {
      "fieldNumber": 3,
      "items": {
        "dataType": "uint32",
      },
      "type": "array",
    },
    "name": {
      "dataType": "string",
      "fieldNumber": 1,
      "maxLength": 40,
      "minLength": 3,
    },
    "releaseYear": {
      "dataType": "string",
      "fieldNumber": 2,
    },
  },
  "required": [
    "name",
    "releaseYear",
    "genre",
    "feat",
    "collectionID",
    "audioID",
  ],
  "title": "SetAttributesAsset transaction asset for audio module",
  "type": "object",
}
`;
