// Jest Snapshot v1, https://goo.gl/fbAQLP

exports[`SetAttributeCommand constructor should have valid schema 1`] = `
Object {
  "$id": "audio/setAttributes",
  "properties": Object {
    "audioID": Object {
      "dataType": "bytes",
      "fieldNumber": 6,
    },
    "collectionID": Object {
      "dataType": "bytes",
      "fieldNumber": 5,
    },
    "fit": Object {
      "fieldNumber": 4,
      "items": Object {
        "dataType": "bytes",
        "format": "lisk32",
      },
      "type": "array",
    },
    "genre": Object {
      "fieldNumber": 3,
      "items": Object {
        "dataType": "uint32",
      },
      "type": "array",
    },
    "name": Object {
      "dataType": "string",
      "fieldNumber": 1,
      "maxLength": 40,
      "minLength": 3,
    },
    "releaseYear": Object {
      "dataType": "string",
      "fieldNumber": 2,
    },
  },
  "required": Array [
    "name",
    "releaseYear",
    "genre",
    "fit",
    "collectionID",
    "audioID",
  ],
  "title": "SetAttributesAsset transaction asset for audio module",
  "type": "object",
}
`;
