// Jest Snapshot v1, https://goo.gl/fbAQLP

exports[`StreamCommand constructor should have valid schema 1`] = `
{
  "$id": "audio/stream",
  "properties": {
    "audioID": {
      "dataType": "bytes",
      "fieldNumber": 1,
    },
  },
  "required": [
    "audioID",
  ],
  "title": "StreamAsset transaction asset for audio module",
  "type": "object",
}
`;
