// Jest Snapshot v1, https://goo.gl/fbAQLP

exports[`CreateCommand constructor should have valid schema 1`] = `
{
  "$id": "profile/create",
  "properties": {
    "avatarHash": {
      "dataType": "bytes",
      "fieldNumber": 5,
    },
    "avatarSignature": {
      "dataType": "bytes",
      "fieldNumber": 6,
    },
    "bannerHash": {
      "dataType": "bytes",
      "fieldNumber": 7,
    },
    "bannerSignature": {
      "dataType": "bytes",
      "fieldNumber": 8,
    },
    "description": {
      "dataType": "string",
      "fieldNumber": 3,
    },
    "name": {
      "dataType": "string",
      "fieldNumber": 1,
    },
    "nickName": {
      "dataType": "string",
      "fieldNumber": 2,
    },
    "socialAccounts": {
      "fieldNumber": 4,
      "items": {
        "$id": "profile/profile/socialAccounts",
        "properties": {
          "platform": {
            "dataType": "uint32",
            "fieldNumber": 2,
          },
          "username": {
            "dataType": "string",
            "fieldNumber": 1,
          },
        },
        "required": [
          "username",
          "platform",
        ],
        "type": "object",
      },
      "type": "array",
    },
  },
  "required": [
    "name",
    "nickName",
    "description",
    "socialAccounts",
    "avatarHash",
    "avatarSignature",
    "bannerHash",
    "bannerSignature",
  ],
  "title": "CreateAsset transaction asset for profile module",
  "type": "object",
}
`;
