// Jest Snapshot v1, https://goo.gl/fbAQLP

exports[`CreateCommand constructor should have valid schema 1`] = `
Object {
  "$id": "user/create",
  "properties": Object {
    "avatarHash": Object {
      "dataType": "bytes",
      "fieldNumber": 5,
    },
    "avatarSignature": Object {
      "dataType": "bytes",
      "fieldNumber": 6,
    },
    "bannerHash": Object {
      "dataType": "bytes",
      "fieldNumber": 7,
    },
    "bannerSignature": Object {
      "dataType": "bytes",
      "fieldNumber": 8,
    },
    "description": Object {
      "dataType": "string",
      "fieldNumber": 3,
    },
    "name": Object {
      "dataType": "string",
      "fieldNumber": 1,
    },
    "nickName": Object {
      "dataType": "string",
      "fieldNumber": 2,
    },
    "socialAccounts": Object {
      "fieldNumber": 4,
      "items": Object {
        "$id": "user/user/socialAccounts",
        "properties": Object {
          "platform": Object {
            "dataType": "uint32",
            "fieldNumber": 2,
          },
          "username": Object {
            "dataType": "string",
            "fieldNumber": 1,
          },
        },
        "required": Array [
          "username",
          "platform",
        ],
        "type": "object",
      },
      "type": "array",
    },
  },
  "required": Array [
    "name",
    "nickName",
    "description",
    "socialAccounts",
    "avatarHash",
    "avatarSignature",
    "bannerHash",
    "bannerSignature",
  ],
  "title": "CreateAsset transaction asset for user module",
  "type": "object",
}
`;
